current directory: /home/john/projects/github_website/vendor/bundle/ruby/3.3.0/gems/bigdecimal-4.0.1/ext/bigdecimal
/usr/bin/ruby3.3 -I/usr/lib/ruby/vendor_ruby extconf.rb
checking for __builtin_clz()... yes
checking for __builtin_clzl()... yes
checking for __builtin_clzll()... yes
checking for float.h... yes
checking for math.h... yes
checking for stdbool.h... yes
checking for stdlib.h... yes
checking for x86intrin.h... yes
checking for _lzcnt_u32() in x86intrin.h... no
checking for _lzcnt_u64() in x86intrin.h... no
checking for intrin.h... no
checking for ruby/atomic.h... yes
checking for ruby/internal/has/builtin.h... yes
checking for ruby/internal/static_assert.h... yes
checking for rb_complex_real() in ruby.h... yes
checking for rb_complex_imag() in ruby.h... yes
checking for rb_opts_exception_p() in ruby.h... yes
checking for rb_category_warn() in ruby.h... yes
checking for RB_WARN_CATEGORY_DEPRECATED in ruby.h... yes
creating Makefile

current directory: /home/john/projects/github_website/vendor/bundle/ruby/3.3.0/gems/bigdecimal-4.0.1/ext/bigdecimal
make DESTDIR\= sitearchdir\=./.gem.20260227-75541-fo1r4n sitelibdir\=./.gem.20260227-75541-fo1r4n clean

current directory: /home/john/projects/github_website/vendor/bundle/ruby/3.3.0/gems/bigdecimal-4.0.1/ext/bigdecimal
make DESTDIR\= sitearchdir\=./.gem.20260227-75541-fo1r4n sitelibdir\=./.gem.20260227-75541-fo1r4n
compiling bigdecimal.c
compiling missing.c
linking shared-object bigdecimal.so

current directory: /home/john/projects/github_website/vendor/bundle/ruby/3.3.0/gems/bigdecimal-4.0.1/ext/bigdecimal
make DESTDIR\= sitearchdir\=./.gem.20260227-75541-fo1r4n sitelibdir\=./.gem.20260227-75541-fo1r4n install
/usr/bin/install -c -m 0755 bigdecimal.so ./.gem.20260227-75541-fo1r4n

current directory: /home/john/projects/github_website/vendor/bundle/ruby/3.3.0/gems/bigdecimal-4.0.1/ext/bigdecimal
make DESTDIR\= sitearchdir\=./.gem.20260227-75541-fo1r4n sitelibdir\=./.gem.20260227-75541-fo1r4n clean
